// Jest Snapshot v1, https://goo.gl/fbAQLP

exports[`MonthPicker Tests renders correctly 1`] = `
<View
  style={
    Array [
      Object {
        "backgroundColor": "#F1F1F3",
        "justifyContent": "flex-start",
      },
      Object {
        "height": 254,
      },
    ]
  }
>
  <View
    onLayout={[Function]}
    style={
      Array [
        Object {},
        Object {
          "height": 200,
        },
      ]
    }
  >
    <RCTScrollView
      alwaysBounceHorizontal={false}
      alwaysBounceVertical={false}
      automaticallyAdjustContentInsets={false}
      bounce={false}
      onScrollEndDrag={[Function]}
      showsHorizontalScrollIndicator={false}
      showsVerticalScrollIndicator={false}
    >
      <View>
        <View
          style={
            Object {
              "backgroundColor": "#FFF",
              "borderBottomWidth": 0.5,
              "borderColor": "#cbd2d9",
              "borderTopWidth": 0.5,
            }
          }
        >
          <View
            accessibilityComponentType={undefined}
            accessibilityLabel={undefined}
            accessibilityTraits={undefined}
            accessible={true}
            hasTVPreferredFocus={undefined}
            hitSlop={undefined}
            isTVSelectable={true}
            nativeID={undefined}
            onLayout={undefined}
            onResponderGrant={[Function]}
            onResponderMove={[Function]}
            onResponderRelease={[Function]}
            onResponderTerminate={[Function]}
            onResponderTerminationRequest={[Function]}
            onStartShouldSetResponder={[Function]}
            style={
              Array [
                Object {
                  "backgroundColor": "transparent",
                },
                undefined,
              ]
            }
            testID={undefined}
            tvParallaxProperties={undefined}
          >
            <View
              style={
                Object {
                  "backgroundColor": "transparent",
                  "borderBottomColor": "#ededed",
                  "borderBottomWidth": 0.5,
                  "flex": 1,
                  "flexDirection": "row",
                  "height": 50,
                  "marginLeft": 0,
                  "paddingBottom": 16,
                  "paddingLeft": 0,
                  "paddingRight": 0,
                  "paddingTop": 16,
                }
              }
            >
              <View
                style={
                  Object {
                    "alignItems": "center",
                    "flex": 1,
                    "flexDirection": "row",
                  }
                }
              >
                <Text
                  accessible={true}
                  allowFontScaling={true}
                  disabled={false}
                  ellipsizeMode="tail"
                  style={
                    Array [
                      Object {
                        "alignItems": "center",
                        "color": "#858DA0",
                        "flex": 1,
                        "fontSize": 16,
                        "justifyContent": "center",
                        "textAlign": "center",
                      },
                      false,
                    ]
                  }
                >
                  item1
                </Text>
              </View>
            </View>
          </View>
          <View
            accessibilityComponentType={undefined}
            accessibilityLabel={undefined}
            accessibilityTraits={undefined}
            accessible={true}
            hasTVPreferredFocus={undefined}
            hitSlop={undefined}
            isTVSelectable={true}
            nativeID={undefined}
            onLayout={undefined}
            onResponderGrant={[Function]}
            onResponderMove={[Function]}
            onResponderRelease={[Function]}
            onResponderTerminate={[Function]}
            onResponderTerminationRequest={[Function]}
            onStartShouldSetResponder={[Function]}
            style={
              Array [
                Object {
                  "backgroundColor": "transparent",
                },
                undefined,
              ]
            }
            testID={undefined}
            tvParallaxProperties={undefined}
          >
            <View
              style={
                Object {
                  "backgroundColor": "transparent",
                  "borderBottomColor": "#ededed",
                  "borderBottomWidth": 0.5,
                  "flex": 1,
                  "flexDirection": "row",
                  "height": 50,
                  "marginLeft": 0,
                  "paddingBottom": 16,
                  "paddingLeft": 0,
                  "paddingRight": 0,
                  "paddingTop": 16,
                }
              }
            >
              <View
                style={
                  Object {
                    "alignItems": "center",
                    "flex": 1,
                    "flexDirection": "row",
                  }
                }
              >
                <Text
                  accessible={true}
                  allowFontScaling={true}
                  disabled={false}
                  ellipsizeMode="tail"
                  style={
                    Array [
                      Object {
                        "alignItems": "center",
                        "color": "#858DA0",
                        "flex": 1,
                        "fontSize": 16,
                        "justifyContent": "center",
                        "textAlign": "center",
                      },
                      false,
                    ]
                  }
                >
                  item2
                </Text>
              </View>
            </View>
          </View>
          <View
            accessibilityComponentType={undefined}
            accessibilityLabel={undefined}
            accessibilityTraits={undefined}
            accessible={true}
            hasTVPreferredFocus={undefined}
            hitSlop={undefined}
            isTVSelectable={true}
            nativeID={undefined}
            onLayout={undefined}
            onResponderGrant={[Function]}
            onResponderMove={[Function]}
            onResponderRelease={[Function]}
            onResponderTerminate={[Function]}
            onResponderTerminationRequest={[Function]}
            onStartShouldSetResponder={[Function]}
            style={
              Array [
                Object {
                  "backgroundColor": "transparent",
                },
                undefined,
              ]
            }
            testID={undefined}
            tvParallaxProperties={undefined}
          >
            <View
              style={
                Object {
                  "backgroundColor": "transparent",
                  "borderBottomColor": "#ededed",
                  "borderBottomWidth": 0.5,
                  "flex": 1,
                  "flexDirection": "row",
                  "height": 50,
                  "marginLeft": 0,
                  "paddingBottom": 16,
                  "paddingLeft": 0,
                  "paddingRight": 0,
                  "paddingTop": 16,
                }
              }
            >
              <View
                style={
                  Object {
                    "alignItems": "center",
                    "flex": 1,
                    "flexDirection": "row",
                  }
                }
              >
                <Text
                  accessible={true}
                  allowFontScaling={true}
                  disabled={false}
                  ellipsizeMode="tail"
                  style={
                    Array [
                      Object {
                        "alignItems": "center",
                        "color": "#858DA0",
                        "flex": 1,
                        "fontSize": 16,
                        "justifyContent": "center",
                        "textAlign": "center",
                      },
                      false,
                    ]
                  }
                >
                  item3
                </Text>
              </View>
            </View>
          </View>
          <View
            accessibilityComponentType={undefined}
            accessibilityLabel={undefined}
            accessibilityTraits={undefined}
            accessible={true}
            hasTVPreferredFocus={undefined}
            hitSlop={undefined}
            isTVSelectable={true}
            nativeID={undefined}
            onLayout={undefined}
            onResponderGrant={[Function]}
            onResponderMove={[Function]}
            onResponderRelease={[Function]}
            onResponderTerminate={[Function]}
            onResponderTerminationRequest={[Function]}
            onStartShouldSetResponder={[Function]}
            style={
              Array [
                Object {
                  "backgroundColor": "transparent",
                },
                undefined,
              ]
            }
            testID={undefined}
            tvParallaxProperties={undefined}
          >
            <View
              style={
                Object {
                  "backgroundColor": "transparent",
                  "borderBottomColor": "#ededed",
                  "borderBottomWidth": 0.5,
                  "flex": 1,
                  "flexDirection": "row",
                  "height": 50,
                  "marginLeft": 0,
                  "paddingBottom": 16,
                  "paddingLeft": 0,
                  "paddingRight": 0,
                  "paddingTop": 16,
                }
              }
            >
              <View
                style={
                  Object {
                    "alignItems": "center",
                    "flex": 1,
                    "flexDirection": "row",
                  }
                }
              >
                <Text
                  accessible={true}
                  allowFontScaling={true}
                  disabled={false}
                  ellipsizeMode="tail"
                  style={
                    Array [
                      Object {
                        "alignItems": "center",
                        "color": "#858DA0",
                        "flex": 1,
                        "fontSize": 16,
                        "justifyContent": "center",
                        "textAlign": "center",
                      },
                      false,
                    ]
                  }
                >
                  item4
                </Text>
              </View>
            </View>
          </View>
          <View
            accessibilityComponentType={undefined}
            accessibilityLabel={undefined}
            accessibilityTraits={undefined}
            accessible={true}
            hasTVPreferredFocus={undefined}
            hitSlop={undefined}
            isTVSelectable={true}
            nativeID={undefined}
            onLayout={undefined}
            onResponderGrant={[Function]}
            onResponderMove={[Function]}
            onResponderRelease={[Function]}
            onResponderTerminate={[Function]}
            onResponderTerminationRequest={[Function]}
            onStartShouldSetResponder={[Function]}
            style={
              Array [
                Object {
                  "backgroundColor": "transparent",
                },
                undefined,
              ]
            }
            testID={undefined}
            tvParallaxProperties={undefined}
          >
            <View
              style={
                Object {
                  "backgroundColor": "transparent",
                  "borderBottomColor": "#ededed",
                  "borderBottomWidth": 0.5,
                  "flex": 1,
                  "flexDirection": "row",
                  "height": 50,
                  "marginLeft": 0,
                  "paddingBottom": 16,
                  "paddingLeft": 0,
                  "paddingRight": 0,
                  "paddingTop": 16,
                }
              }
            >
              <View
                style={
                  Object {
                    "alignItems": "center",
                    "flex": 1,
                    "flexDirection": "row",
                  }
                }
              >
                <Text
                  accessible={true}
                  allowFontScaling={true}
                  disabled={false}
                  ellipsizeMode="tail"
                  style={
                    Array [
                      Object {
                        "alignItems": "center",
                        "color": "#858DA0",
                        "flex": 1,
                        "fontSize": 16,
                        "justifyContent": "center",
                        "textAlign": "center",
                      },
                      Object {
                        "color": "#333333",
                      },
                    ]
                  }
                >
                  item5
                </Text>
              </View>
            </View>
          </View>
        </View>
      </View>
    </RCTScrollView>
  </View>
  <View
    accessibilityComponentType={undefined}
    accessibilityLabel={undefined}
    accessibilityTraits={undefined}
    accessible={true}
    collapsable={undefined}
    hitSlop={undefined}
    isTVSelectable={true}
    nativeID={undefined}
    onLayout={undefined}
    onResponderGrant={[Function]}
    onResponderMove={[Function]}
    onResponderRelease={[Function]}
    onResponderTerminate={[Function]}
    onResponderTerminationRequest={[Function]}
    onStartShouldSetResponder={[Function]}
    style={
      Object {
        "alignItems": "center",
        "backgroundColor": "#ffffff",
        "borderColor": "#999",
        "borderRadius": 3,
        "borderWidth": 0,
        "flexDirection": "row",
        "height": 44,
        "justifyContent": "center",
        "marginTop": 10,
        "opacity": 1,
        "paddingHorizontal": 13,
      }
    }
    testID={undefined}
    tvParallaxProperties={undefined}
  >
    <View>
      <Text
        accessible={true}
        allowFontScaling={true}
        disabled={false}
        ellipsizeMode="tail"
        style={
          Array [
            Object {
              "backgroundColor": "transparent",
              "color": "#858DA0",
              "fontSize": 16,
              "textAlign": "center",
            },
            Object {},
          ]
        }
      >
        取消
      </Text>
    </View>
  </View>
</View>
`;
